// Jest Snapshot v1, https://goo.gl/fbAQLP

exports[`Result should be able to export to json object 1`] = `
Object {
  "correctCount": 0,
  "id": "1c0e9adc-a474-4e33-babd-0aa3a67463e0",
  "imageFile": "D:/Current/image-parsing/__tests__/_data/images-barcode//10025.tif",
  "incorrectCount": 0,
  "isCompiled": false,
  "isRollNoExtracted": true,
  "marks": 0,
  "post": 1,
  "q1": "D",
  "q10": "*",
  "q11": "B",
  "q12": "D",
  "q13": "B",
  "q14": "A",
  "q15": "D",
  "q16": "C",
  "q17": "B",
  "q18": "A",
  "q19": "C",
  "q2": "B",
  "q20": "B",
  "q21": "A",
  "q22": "*",
  "q23": "A",
  "q24": "*",
  "q25": "A",
  "q26": "B",
  "q27": "A",
  "q28": "B",
  "q29": "D",
  "q3": "D",
  "q30": "A",
  "q31": "B",
  "q32": "A",
  "q33": "B",
  "q34": "B",
  "q35": "A",
  "q36": "C",
  "q37": "*",
  "q38": "A",
  "q39": "A",
  "q4": "A",
  "q40": "A",
  "q41": "A",
  "q42": "*",
  "q43": "A",
  "q44": "C",
  "q45": "B",
  "q46": "A",
  "q47": "*",
  "q48": "B",
  "q49": "A",
  "q5": "C",
  "q50": "D",
  "q51": "A",
  "q52": "B",
  "q53": "B",
  "q54": "D",
  "q55": "*",
  "q56": "B",
  "q57": "A",
  "q58": "D",
  "q59": "A",
  "q6": "D",
  "q60": "A",
  "q7": "C",
  "q8": "A",
  "q9": "D",
  "questionPaperType": 1,
  "rollNo": "10025",
  "skippedCount": 0,
  "testCenter": 1,
  "testTime": 1,
  "totalMarks": 0,
  "unattemptedCount": 0,
}
`;

exports[`Result should load from json 1`] = `
Result {
  "answers": Object {
    "q1": Object {
      "correct": false,
      "skipped": false,
      "unattempted": false,
      "value": "a",
    },
    "q2": Object {
      "correct": false,
      "skipped": false,
      "unattempted": false,
      "value": "b",
    },
    "q3": Object {
      "correct": false,
      "skipped": false,
      "unattempted": false,
      "value": "c",
    },
    "q4": Object {
      "correct": false,
      "skipped": false,
      "unattempted": false,
      "value": "d",
    },
    "q5": Object {
      "correct": false,
      "skipped": false,
      "unattempted": false,
      "value": "?",
    },
    "q6": Object {
      "correct": false,
      "skipped": false,
      "unattempted": false,
      "value": "*",
    },
  },
  "correctCount": 0,
  "id": "183b5aad-7122-4947-99e9-75c2f73cb076",
  "imageFile": "D:\\\\Current\\\\image-parsing\\\\__tests__\\\\_data\\\\images-barcode\\\\10023.jpg",
  "incorrectCount": 0,
  "isCompiled": false,
  "isRollNoExtracted": true,
  "marks": 0,
  "post": "",
  "questionPaperType": "",
  "rollNo": "10023",
  "skippedCount": 0,
  "testCenter": "",
  "testTime": "",
  "totalMarks": 0,
  "unattemptedCount": 0,
}
`;
