// Jest Snapshot v1, https://goo.gl/fbAQLP

exports[`CompiledResult should be able to export as obj array 1`] = `
Array [
  Object {
    "correctCount": 21,
    "id": "df8c9ffe-db95-4ccd-a43e-0646905e4992",
    "imageFile": "D:/Current/image-parsing/__tests__/_data/images-barcode//no-roll.jpg",
    "incorrectCount": 39,
    "isCompiled": true,
    "isRollNoExtracted": false,
    "marks": 24,
    "post": 1,
    "q1": "d",
    "q10": "d",
    "q11": "c",
    "q12": "d",
    "q13": "c",
    "q14": "b",
    "q15": "a",
    "q16": "b",
    "q17": "c",
    "q18": "b",
    "q19": "c",
    "q2": "d",
    "q20": "a",
    "q21": "d",
    "q22": "d",
    "q23": "?",
    "q24": "d",
    "q25": "d",
    "q26": "c",
    "q27": "c",
    "q28": "a",
    "q29": "b",
    "q3": "c",
    "q30": "c",
    "q31": "b",
    "q32": "a",
    "q33": "d",
    "q34": "b",
    "q35": "a",
    "q36": "b",
    "q37": "c",
    "q38": "d",
    "q39": "a",
    "q4": "a",
    "q40": "b",
    "q41": "c",
    "q42": "a",
    "q43": "a",
    "q44": "c",
    "q45": "b",
    "q46": "d",
    "q47": "a",
    "q48": "c",
    "q49": "a",
    "q5": "c",
    "q50": "d",
    "q51": "d",
    "q52": "b",
    "q53": "b",
    "q54": "d",
    "q55": "d",
    "q56": "d",
    "q57": "b",
    "q58": "b",
    "q59": "d",
    "q6": "d",
    "q60": "d",
    "q7": "c",
    "q8": "a",
    "q9": "c",
    "questionPaperType": 1,
    "skippedCount": 0,
    "testCenter": 1,
    "testTime": 1,
    "totalMarks": 180,
    "unattemptedCount": 0,
  },
  Object {
    "correctCount": 21,
    "id": "eab21561-d52c-485f-8b94-f84e8919bc9e",
    "imageFile": "D:/Current/image-parsing/__tests__/_data/images-barcode//10023.jpg",
    "incorrectCount": 39,
    "isCompiled": true,
    "isRollNoExtracted": true,
    "marks": 24,
    "post": 1,
    "q1": "d",
    "q10": "d",
    "q11": "c",
    "q12": "d",
    "q13": "c",
    "q14": "b",
    "q15": "a",
    "q16": "b",
    "q17": "c",
    "q18": "b",
    "q19": "c",
    "q2": "d",
    "q20": "a",
    "q21": "d",
    "q22": "d",
    "q23": "?",
    "q24": "d",
    "q25": "d",
    "q26": "c",
    "q27": "c",
    "q28": "a",
    "q29": "b",
    "q3": "c",
    "q30": "c",
    "q31": "b",
    "q32": "a",
    "q33": "d",
    "q34": "b",
    "q35": "a",
    "q36": "b",
    "q37": "c",
    "q38": "d",
    "q39": "a",
    "q4": "a",
    "q40": "b",
    "q41": "c",
    "q42": "a",
    "q43": "a",
    "q44": "c",
    "q45": "b",
    "q46": "d",
    "q47": "a",
    "q48": "c",
    "q49": "a",
    "q5": "c",
    "q50": "d",
    "q51": "d",
    "q52": "b",
    "q53": "b",
    "q54": "d",
    "q55": "d",
    "q56": "d",
    "q57": "b",
    "q58": "b",
    "q59": "d",
    "q6": "d",
    "q60": "d",
    "q7": "c",
    "q8": "a",
    "q9": "c",
    "questionPaperType": 1,
    "rollNo": "10023",
    "skippedCount": 0,
    "testCenter": 1,
    "testTime": 1,
    "totalMarks": 180,
    "unattemptedCount": 0,
  },
  Object {
    "correctCount": 53,
    "id": "1c0e9adc-a474-4e33-babd-0aa3a67463e0",
    "imageFile": "D:/Current/image-parsing/__tests__/_data/images-barcode//10025.tif",
    "incorrectCount": 7,
    "isCompiled": true,
    "isRollNoExtracted": true,
    "marks": 152,
    "post": 1,
    "q1": "d",
    "q10": "?",
    "q11": "b",
    "q12": "d",
    "q13": "b",
    "q14": "a",
    "q15": "d",
    "q16": "c",
    "q17": "b",
    "q18": "a",
    "q19": "c",
    "q2": "b",
    "q20": "b",
    "q21": "a",
    "q22": "*",
    "q23": "a",
    "q24": "?",
    "q25": "a",
    "q26": "b",
    "q27": "a",
    "q28": "b",
    "q29": "d",
    "q3": "d",
    "q30": "a",
    "q31": "b",
    "q32": "a",
    "q33": "b",
    "q34": "b",
    "q35": "a",
    "q36": "c",
    "q37": "?",
    "q38": "a",
    "q39": "a",
    "q4": "a",
    "q40": "a",
    "q41": "a",
    "q42": "?",
    "q43": "a",
    "q44": "c",
    "q45": "b",
    "q46": "a",
    "q47": "?",
    "q48": "b",
    "q49": "a",
    "q5": "c",
    "q50": "d",
    "q51": "a",
    "q52": "b",
    "q53": "b",
    "q54": "d",
    "q55": "*",
    "q56": "b",
    "q57": "a",
    "q58": "d",
    "q59": "a",
    "q6": "d",
    "q60": "a",
    "q7": "c",
    "q8": "a",
    "q9": "d",
    "questionPaperType": 1,
    "rollNo": "10025",
    "skippedCount": 0,
    "testCenter": 1,
    "testTime": 1,
    "totalMarks": 180,
    "unattemptedCount": 0,
  },
]
`;
