// Jest Snapshot v1, https://goo.gl/fbAQLP

exports[`getQuestionsData should return json for new data 1`] = `
Object {
  "q1": Object {
    "a": Array [
      254,
      254,
      253,
      254,
      253,
      253,
      254,
      254,
      254,
      254,
      254,
      254,
    ],
    "b": Array [
      253,
      253,
      254,
      254,
      254,
      253,
      254,
      254,
      254,
      254,
      254,
      254,
    ],
    "c": Array [
      252,
      254,
      249,
      255,
      253,
      253,
      250,
      255,
      254,
      254,
      254,
      253,
    ],
    "d": Array [
      0,
      0,
      141,
      255,
      1,
      0,
      169,
      255,
      211,
      209,
      255,
      254,
    ],
  },
  "q10": Object {
    "a": Array [
      254,
      253,
      253,
      254,
      254,
      254,
      254,
      254,
      254,
      254,
      254,
      254,
    ],
    "b": Array [
      253,
      253,
      255,
      245,
      254,
      254,
      253,
      255,
      254,
      254,
      254,
      254,
    ],
    "c": Array [
      0,
      34,
      243,
      255,
      148,
      217,
      255,
      252,
      255,
      255,
      254,
      254,
    ],
    "d": Array [
      252,
      253,
      253,
      255,
      253,
      253,
      254,
      255,
      254,
      254,
      254,
      253,
    ],
  },
  "q11": Object {
    "a": Array [
      253,
      254,
      251,
      255,
      253,
      254,
      252,
      255,
      254,
      254,
      254,
      254,
    ],
    "b": Array [
      0,
      173,
      255,
      251,
      84,
      237,
      255,
      253,
      255,
      254,
      254,
      254,
    ],
    "c": Array [
      253,
      254,
      254,
      254,
      254,
      253,
      254,
      254,
      254,
      254,
      254,
      254,
    ],
    "d": Array [
      252,
      251,
      253,
      255,
      252,
      253,
      253,
      255,
      254,
      254,
      254,
      253,
    ],
  },
  "q12": Object {
    "a": Array [
      254,
      253,
      253,
      254,
      253,
      253,
      254,
      254,
      253,
      253,
      254,
      254,
    ],
    "b": Array [
      253,
      254,
      254,
      254,
      253,
      254,
      254,
      254,
      253,
      254,
      254,
      254,
    ],
    "c": Array [
      252,
      253,
      251,
      255,
      253,
      254,
      250,
      255,
      254,
      253,
      253,
      255,
    ],
    "d": Array [
      10,
      20,
      191,
      255,
      0,
      0,
      149,
      255,
      135,
      146,
      249,
      255,
    ],
  },
  "q13": Object {
    "a": Array [
      253,
      253,
      251,
      255,
      251,
      252,
      252,
      255,
      252,
      253,
      253,
      255,
    ],
    "b": Array [
      0,
      23,
      218,
      255,
      0,
      2,
      203,
      255,
      140,
      185,
      255,
      253,
    ],
    "c": Array [
      254,
      253,
      254,
      254,
      252,
      253,
      254,
      254,
      252,
      254,
      254,
      254,
    ],
    "d": Array [
      253,
      253,
      253,
      255,
      252,
      253,
      253,
      255,
      253,
      254,
      253,
      255,
    ],
  },
  "q14": Object {
    "a": Array [
      5,
      116,
      255,
      253,
      0,
      40,
      244,
      255,
      74,
      182,
      255,
      252,
    ],
    "b": Array [
      252,
      252,
      253,
      254,
      248,
      250,
      253,
      254,
      253,
      251,
      253,
      254,
    ],
    "c": Array [
      252,
      254,
      254,
      254,
      253,
      254,
      254,
      254,
      254,
      254,
      254,
      254,
    ],
    "d": Array [
      250,
      253,
      253,
      255,
      250,
      252,
      252,
      255,
      252,
      252,
      253,
      255,
    ],
  },
  "q15": Object {
    "a": Array [
      252,
      253,
      253,
      254,
      252,
      253,
      254,
      254,
      254,
      254,
      254,
      254,
    ],
    "b": Array [
      251,
      252,
      254,
      254,
      252,
      252,
      254,
      254,
      253,
      253,
      254,
      254,
    ],
    "c": Array [
      253,
      251,
      252,
      255,
      252,
      253,
      251,
      255,
      253,
      254,
      254,
      254,
    ],
    "d": Array [
      0,
      0,
      176,
      255,
      20,
      55,
      223,
      255,
      234,
      244,
      255,
      251,
    ],
  },
  "q16": Object {
    "a": Array [
      251,
      253,
      254,
      253,
      249,
      254,
      254,
      253,
      252,
      254,
      254,
      254,
    ],
    "b": Array [
      253,
      252,
      250,
      255,
      249,
      247,
      249,
      255,
      252,
      252,
      254,
      253,
    ],
    "c": Array [
      0,
      103,
      255,
      251,
      0,
      100,
      255,
      250,
      166,
      245,
      255,
      253,
    ],
    "d": Array [
      252,
      252,
      253,
      255,
      253,
      252,
      251,
      255,
      253,
      254,
      253,
      253,
    ],
  },
  "q17": Object {
    "a": Array [
      249,
      251,
      252,
      255,
      253,
      252,
      252,
      255,
      253,
      254,
      254,
      254,
    ],
    "b": Array [
      0,
      0,
      193,
      255,
      93,
      145,
      254,
      254,
      255,
      255,
      254,
      254,
    ],
    "c": Array [
      251,
      253,
      254,
      254,
      252,
      253,
      254,
      254,
      254,
      254,
      254,
      254,
    ],
    "d": Array [
      253,
      252,
      252,
      255,
      253,
      253,
      252,
      255,
      254,
      254,
      254,
      254,
    ],
  },
  "q18": Object {
    "a": Array [
      0,
      77,
      255,
      251,
      46,
      184,
      255,
      252,
      252,
      255,
      254,
      254,
    ],
    "b": Array [
      249,
      250,
      252,
      254,
      251,
      249,
      252,
      254,
      254,
      253,
      253,
      254,
    ],
    "c": Array [
      252,
      254,
      254,
      254,
      252,
      254,
      254,
      254,
      254,
      254,
      254,
      254,
    ],
    "d": Array [
      253,
      252,
      252,
      255,
      251,
      253,
      253,
      255,
      253,
      254,
      253,
      254,
    ],
  },
  "q19": Object {
    "a": Array [
      251,
      253,
      253,
      254,
      253,
      254,
      254,
      254,
      254,
      254,
      254,
      254,
    ],
    "b": Array [
      250,
      251,
      249,
      255,
      253,
      253,
      253,
      255,
      252,
      253,
      254,
      254,
    ],
    "c": Array [
      0,
      89,
      255,
      250,
      95,
      221,
      255,
      253,
      255,
      255,
      254,
      254,
    ],
    "d": Array [
      252,
      251,
      251,
      255,
      252,
      254,
      254,
      252,
      254,
      254,
      253,
      250,
    ],
  },
  "q2": Object {
    "a": Array [
      251,
      251,
      251,
      255,
      251,
      251,
      250,
      255,
      254,
      253,
      252,
      255,
    ],
    "b": Array [
      64,
      229,
      255,
      252,
      0,
      173,
      255,
      250,
      113,
      245,
      255,
      253,
    ],
    "c": Array [
      252,
      254,
      254,
      254,
      250,
      254,
      254,
      254,
      251,
      253,
      254,
      254,
    ],
    "d": Array [
      254,
      253,
      254,
      254,
      253,
      251,
      253,
      254,
      252,
      251,
      253,
      254,
    ],
  },
  "q20": Object {
    "a": Array [
      252,
      251,
      253,
      255,
      253,
      254,
      252,
      255,
      254,
      254,
      254,
      254,
    ],
    "b": Array [
      0,
      1,
      207,
      255,
      100,
      162,
      255,
      253,
      255,
      255,
      254,
      254,
    ],
    "c": Array [
      252,
      254,
      254,
      252,
      252,
      254,
      254,
      254,
      254,
      254,
      254,
      254,
    ],
    "d": Array [
      252,
      254,
      251,
      255,
      251,
      254,
      252,
      254,
      254,
      254,
      253,
      252,
    ],
  },
  "q21": Object {
    "a": Array [
      0,
      77,
      255,
      251,
      24,
      171,
      255,
      252,
      249,
      255,
      254,
      254,
    ],
    "b": Array [
      249,
      250,
      252,
      254,
      246,
      250,
      253,
      254,
      254,
      253,
      254,
      254,
    ],
    "c": Array [
      251,
      253,
      254,
      254,
      251,
      254,
      254,
      253,
      253,
      254,
      254,
      254,
    ],
    "d": Array [
      253,
      252,
      252,
      255,
      252,
      252,
      252,
      255,
      253,
      254,
      253,
      254,
    ],
  },
  "q22": Object {
    "a": Array [
      251,
      253,
      251,
      255,
      252,
      254,
      252,
      255,
      254,
      254,
      254,
      254,
    ],
    "b": Array [
      0,
      0,
      169,
      255,
      91,
      119,
      245,
      255,
      255,
      255,
      254,
      254,
    ],
    "c": Array [
      254,
      253,
      254,
      254,
      253,
      253,
      254,
      254,
      254,
      254,
      254,
      254,
    ],
    "d": Array [
      252,
      252,
      252,
      255,
      253,
      254,
      253,
      254,
      254,
      254,
      253,
      252,
    ],
  },
  "q23": Object {
    "a": Array [
      0,
      52,
      252,
      254,
      2,
      113,
      255,
      253,
      220,
      252,
      255,
      254,
    ],
    "b": Array [
      252,
      252,
      252,
      254,
      254,
      253,
      253,
      254,
      254,
      254,
      254,
      254,
    ],
    "c": Array [
      253,
      254,
      254,
      254,
      253,
      254,
      254,
      254,
      254,
      254,
      254,
      254,
    ],
    "d": Array [
      252,
      252,
      253,
      255,
      253,
      253,
      253,
      255,
      253,
      253,
      254,
      254,
    ],
  },
  "q24": Object {
    "a": Array [
      253,
      253,
      252,
      255,
      254,
      253,
      251,
      255,
      253,
      253,
      252,
      255,
    ],
    "b": Array [
      24,
      66,
      232,
      255,
      0,
      0,
      181,
      255,
      79,
      121,
      248,
      255,
    ],
    "c": Array [
      253,
      254,
      254,
      254,
      254,
      253,
      254,
      254,
      253,
      254,
      254,
      254,
    ],
    "d": Array [
      252,
      252,
      253,
      255,
      252,
      252,
      251,
      255,
      252,
      254,
      253,
      254,
    ],
  },
  "q25": Object {
    "a": Array [
      0,
      1,
      177,
      255,
      0,
      0,
      155,
      255,
      156,
      162,
      253,
      254,
    ],
    "b": Array [
      251,
      252,
      254,
      254,
      252,
      253,
      253,
      254,
      253,
      253,
      254,
      254,
    ],
    "c": Array [
      250,
      250,
      253,
      254,
      252,
      252,
      252,
      254,
      252,
      253,
      254,
      254,
    ],
    "d": Array [
      251,
      251,
      252,
      255,
      252,
      253,
      252,
      255,
      253,
      253,
      253,
      254,
    ],
  },
  "q26": Object {
    "a": Array [
      250,
      252,
      254,
      253,
      251,
      248,
      252,
      255,
      252,
      249,
      252,
      253,
    ],
    "b": Array [
      16,
      116,
      255,
      254,
      0,
      20,
      239,
      255,
      61,
      161,
      255,
      253,
    ],
    "c": Array [
      249,
      252,
      254,
      254,
      248,
      250,
      252,
      254,
      252,
      249,
      252,
      254,
    ],
    "d": Array [
      254,
      254,
      252,
      255,
      252,
      253,
      252,
      255,
      253,
      253,
      253,
      254,
    ],
  },
  "q27": Object {
    "a": Array [
      0,
      0,
      157,
      255,
      15,
      31,
      206,
      255,
      230,
      236,
      255,
      253,
    ],
    "b": Array [
      251,
      250,
      253,
      254,
      252,
      251,
      253,
      254,
      254,
      254,
      254,
      254,
    ],
    "c": Array [
      249,
      251,
      253,
      254,
      252,
      251,
      252,
      254,
      254,
      253,
      254,
      254,
    ],
    "d": Array [
      252,
      252,
      251,
      255,
      249,
      251,
      252,
      255,
      253,
      254,
      253,
      253,
    ],
  },
  "q28": Object {
    "a": Array [
      253,
      252,
      252,
      255,
      252,
      251,
      252,
      255,
      253,
      253,
      254,
      253,
    ],
    "b": Array [
      0,
      99,
      255,
      253,
      0,
      53,
      253,
      254,
      115,
      214,
      255,
      253,
    ],
    "c": Array [
      251,
      251,
      254,
      254,
      251,
      252,
      253,
      254,
      252,
      253,
      253,
      254,
    ],
    "d": Array [
      251,
      252,
      249,
      255,
      247,
      251,
      249,
      255,
      253,
      254,
      253,
      253,
    ],
  },
  "q29": Object {
    "a": Array [
      252,
      252,
      253,
      254,
      254,
      253,
      254,
      254,
      254,
      254,
      254,
      254,
    ],
    "b": Array [
      251,
      254,
      254,
      254,
      253,
      253,
      254,
      254,
      254,
      254,
      254,
      254,
    ],
    "c": Array [
      251,
      252,
      250,
      255,
      253,
      252,
      252,
      255,
      254,
      253,
      254,
      253,
    ],
    "d": Array [
      0,
      83,
      255,
      255,
      9,
      153,
      255,
      253,
      238,
      255,
      252,
      252,
    ],
  },
  "q3": Object {
    "a": Array [
      252,
      253,
      254,
      254,
      251,
      252,
      254,
      254,
      254,
      254,
      254,
      254,
    ],
    "b": Array [
      253,
      253,
      254,
      253,
      252,
      254,
      254,
      253,
      254,
      254,
      254,
      254,
    ],
    "c": Array [
      253,
      254,
      251,
      255,
      253,
      254,
      252,
      255,
      254,
      254,
      254,
      253,
    ],
    "d": Array [
      0,
      0,
      142,
      255,
      41,
      52,
      212,
      255,
      243,
      245,
      255,
      252,
    ],
  },
  "q30": Object {
    "a": Array [
      0,
      0,
      169,
      255,
      0,
      2,
      184,
      255,
      197,
      208,
      255,
      253,
    ],
    "b": Array [
      249,
      253,
      254,
      254,
      250,
      253,
      254,
      254,
      253,
      254,
      254,
      254,
    ],
    "c": Array [
      250,
      251,
      253,
      254,
      252,
      253,
      252,
      254,
      254,
      252,
      253,
      254,
    ],
    "d": Array [
      252,
      253,
      251,
      255,
      249,
      250,
      251,
      255,
      252,
      253,
      253,
      253,
    ],
  },
  "q31": Object {
    "a": Array [
      252,
      249,
      249,
      255,
      253,
      251,
      252,
      254,
      254,
      254,
      254,
      254,
    ],
    "b": Array [
      0,
      41,
      250,
      255,
      70,
      184,
      255,
      252,
      255,
      255,
      254,
      254,
    ],
    "c": Array [
      250,
      250,
      253,
      254,
      251,
      250,
      253,
      254,
      255,
      255,
      254,
      254,
    ],
    "d": Array [
      252,
      252,
      252,
      255,
      253,
      254,
      253,
      253,
      254,
      254,
      253,
      253,
    ],
  },
  "q32": Object {
    "a": Array [
      0,
      0,
      129,
      255,
      59,
      53,
      210,
      255,
      255,
      255,
      255,
      254,
    ],
    "b": Array [
      253,
      252,
      253,
      254,
      253,
      252,
      254,
      254,
      254,
      253,
      254,
      254,
    ],
    "c": Array [
      252,
      252,
      253,
      254,
      251,
      253,
      254,
      254,
      254,
      254,
      254,
      254,
    ],
    "d": Array [
      252,
      251,
      251,
      255,
      253,
      253,
      252,
      255,
      254,
      254,
      254,
      254,
    ],
  },
  "q33": Object {
    "a": Array [
      252,
      251,
      253,
      255,
      253,
      253,
      252,
      255,
      253,
      254,
      253,
      253,
    ],
    "b": Array [
      0,
      71,
      255,
      254,
      0,
      67,
      255,
      254,
      164,
      233,
      255,
      253,
    ],
    "c": Array [
      253,
      252,
      253,
      254,
      252,
      252,
      252,
      254,
      253,
      251,
      253,
      254,
    ],
    "d": Array [
      249,
      252,
      252,
      255,
      251,
      252,
      252,
      255,
      252,
      254,
      252,
      253,
    ],
  },
  "q34": Object {
    "a": Array [
      253,
      253,
      252,
      255,
      253,
      253,
      253,
      253,
      254,
      254,
      254,
      254,
    ],
    "b": Array [
      0,
      20,
      239,
      255,
      46,
      148,
      255,
      253,
      255,
      255,
      254,
      254,
    ],
    "c": Array [
      249,
      251,
      253,
      254,
      251,
      252,
      253,
      254,
      254,
      254,
      254,
      254,
    ],
    "d": Array [
      252,
      253,
      252,
      255,
      253,
      254,
      253,
      254,
      254,
      254,
      253,
      253,
    ],
  },
  "q35": Object {
    "a": Array [
      0,
      0,
      161,
      255,
      7,
      21,
      198,
      255,
      217,
      225,
      255,
      253,
    ],
    "b": Array [
      251,
      253,
      253,
      254,
      253,
      254,
      254,
      254,
      253,
      254,
      254,
      254,
    ],
    "c": Array [
      250,
      251,
      253,
      254,
      252,
      253,
      253,
      254,
      253,
      253,
      254,
      254,
    ],
    "d": Array [
      252,
      253,
      252,
      255,
      253,
      254,
      252,
      255,
      253,
      254,
      254,
      253,
    ],
  },
  "q36": Object {
    "a": Array [
      254,
      252,
      253,
      254,
      253,
      251,
      253,
      254,
      251,
      251,
      254,
      254,
    ],
    "b": Array [
      252,
      252,
      252,
      255,
      251,
      252,
      249,
      255,
      250,
      252,
      253,
      255,
    ],
    "c": Array [
      59,
      52,
      207,
      255,
      0,
      0,
      120,
      255,
      87,
      79,
      223,
      255,
    ],
    "d": Array [
      254,
      254,
      253,
      255,
      253,
      252,
      252,
      255,
      252,
      252,
      253,
      255,
    ],
  },
  "q37": Object {
    "a": Array [
      252,
      253,
      251,
      255,
      252,
      250,
      250,
      255,
      252,
      250,
      253,
      253,
    ],
    "b": Array [
      58,
      0,
      89,
      255,
      18,
      0,
      46,
      248,
      195,
      118,
      210,
      255,
    ],
    "c": Array [
      252,
      253,
      253,
      254,
      253,
      253,
      252,
      254,
      254,
      253,
      253,
      254,
    ],
    "d": Array [
      253,
      253,
      253,
      252,
      252,
      253,
      252,
      254,
      254,
      253,
      254,
      253,
    ],
  },
  "q38": Object {
    "a": Array [
      44,
      66,
      226,
      255,
      0,
      0,
      160,
      255,
      69,
      90,
      235,
      255,
    ],
    "b": Array [
      254,
      253,
      254,
      254,
      253,
      252,
      254,
      254,
      252,
      252,
      251,
      254,
    ],
    "c": Array [
      254,
      254,
      254,
      254,
      252,
      253,
      254,
      254,
      251,
      251,
      254,
      254,
    ],
    "d": Array [
      254,
      253,
      253,
      254,
      253,
      253,
      253,
      254,
      253,
      252,
      254,
      253,
    ],
  },
  "q39": Object {
    "a": Array [
      0,
      0,
      151,
      255,
      6,
      16,
      193,
      255,
      224,
      229,
      255,
      253,
    ],
    "b": Array [
      252,
      251,
      253,
      254,
      251,
      248,
      253,
      254,
      253,
      254,
      254,
      254,
    ],
    "c": Array [
      253,
      253,
      253,
      254,
      253,
      253,
      254,
      254,
      254,
      253,
      254,
      254,
    ],
    "d": Array [
      252,
      251,
      253,
      254,
      251,
      249,
      253,
      254,
      254,
      254,
      254,
      254,
    ],
  },
  "q4": Object {
    "a": Array [
      0,
      44,
      255,
      254,
      0,
      102,
      255,
      253,
      216,
      248,
      255,
      253,
    ],
    "b": Array [
      253,
      253,
      254,
      253,
      252,
      253,
      254,
      253,
      254,
      254,
      254,
      254,
    ],
    "c": Array [
      254,
      252,
      253,
      254,
      254,
      254,
      253,
      254,
      254,
      254,
      254,
      254,
    ],
    "d": Array [
      251,
      252,
      253,
      255,
      251,
      250,
      253,
      254,
      253,
      253,
      254,
      254,
    ],
  },
  "q40": Object {
    "a": Array [
      1,
      41,
      223,
      255,
      0,
      0,
      189,
      255,
      108,
      153,
      254,
      254,
    ],
    "b": Array [
      250,
      249,
      254,
      254,
      250,
      245,
      253,
      253,
      252,
      250,
      254,
      254,
    ],
    "c": Array [
      250,
      253,
      254,
      254,
      251,
      253,
      253,
      254,
      252,
      253,
      254,
      254,
    ],
    "d": Array [
      249,
      250,
      254,
      253,
      249,
      248,
      253,
      253,
      252,
      249,
      253,
      253,
    ],
  },
  "q41": Object {
    "a": Array [
      0,
      0,
      143,
      255,
      59,
      69,
      221,
      255,
      253,
      253,
      255,
      254,
    ],
    "b": Array [
      252,
      249,
      253,
      254,
      251,
      249,
      253,
      254,
      254,
      253,
      254,
      254,
    ],
    "c": Array [
      251,
      252,
      252,
      254,
      253,
      253,
      253,
      254,
      254,
      254,
      254,
      254,
    ],
    "d": Array [
      250,
      251,
      253,
      254,
      250,
      248,
      252,
      253,
      253,
      253,
      253,
      253,
    ],
  },
  "q42": Object {
    "a": Array [
      251,
      253,
      253,
      254,
      253,
      252,
      253,
      254,
      253,
      252,
      254,
      254,
    ],
    "b": Array [
      254,
      253,
      253,
      254,
      252,
      251,
      252,
      254,
      252,
      252,
      254,
      253,
    ],
    "c": Array [
      0,
      36,
      236,
      255,
      0,
      39,
      237,
      255,
      169,
      225,
      255,
      253,
    ],
    "d": Array [
      254,
      254,
      251,
      255,
      252,
      253,
      251,
      254,
      252,
      252,
      253,
      254,
    ],
  },
  "q43": Object {
    "a": Array [
      0,
      0,
      208,
      255,
      58,
      129,
      253,
      254,
      255,
      255,
      254,
      254,
    ],
    "b": Array [
      253,
      251,
      253,
      253,
      252,
      252,
      253,
      254,
      253,
      254,
      254,
      254,
    ],
    "c": Array [
      253,
      254,
      254,
      254,
      253,
      253,
      254,
      254,
      254,
      254,
      254,
      254,
    ],
    "d": Array [
      252,
      251,
      251,
      254,
      253,
      253,
      253,
      253,
      254,
      254,
      254,
      252,
    ],
  },
  "q44": Object {
    "a": Array [
      253,
      252,
      252,
      254,
      253,
      253,
      253,
      254,
      254,
      254,
      254,
      254,
    ],
    "b": Array [
      249,
      246,
      253,
      255,
      251,
      248,
      253,
      254,
      254,
      255,
      254,
      254,
    ],
    "c": Array [
      0,
      30,
      237,
      255,
      0,
      93,
      254,
      254,
      232,
      252,
      255,
      254,
    ],
    "d": Array [
      248,
      250,
      253,
      253,
      250,
      252,
      253,
      253,
      253,
      254,
      254,
      254,
    ],
  },
  "q45": Object {
    "a": Array [
      250,
      250,
      251,
      255,
      248,
      251,
      250,
      255,
      253,
      253,
      253,
      254,
    ],
    "b": Array [
      9,
      0,
      154,
      255,
      0,
      0,
      124,
      255,
      166,
      151,
      244,
      255,
    ],
    "c": Array [
      251,
      254,
      254,
      254,
      253,
      253,
      253,
      254,
      254,
      254,
      254,
      254,
    ],
    "d": Array [
      254,
      255,
      253,
      255,
      252,
      249,
      252,
      254,
      252,
      250,
      252,
      254,
    ],
  },
  "q46": Object {
    "a": Array [
      0,
      0,
      209,
      255,
      49,
      122,
      252,
      254,
      255,
      255,
      254,
      254,
    ],
    "b": Array [
      254,
      251,
      253,
      254,
      253,
      251,
      253,
      254,
      254,
      254,
      254,
      254,
    ],
    "c": Array [
      252,
      254,
      253,
      254,
      254,
      254,
      254,
      254,
      254,
      254,
      254,
      254,
    ],
    "d": Array [
      253,
      253,
      253,
      255,
      252,
      253,
      253,
      254,
      254,
      254,
      254,
      253,
    ],
  },
  "q47": Object {
    "a": Array [
      251,
      251,
      254,
      254,
      250,
      253,
      254,
      254,
      253,
      254,
      254,
      254,
    ],
    "b": Array [
      253,
      253,
      253,
      253,
      253,
      253,
      253,
      254,
      254,
      254,
      254,
      253,
    ],
    "c": Array [
      0,
      43,
      234,
      255,
      0,
      20,
      224,
      255,
      142,
      201,
      255,
      253,
    ],
    "d": Array [
      253,
      253,
      252,
      255,
      253,
      253,
      252,
      253,
      254,
      254,
      253,
      254,
    ],
  },
  "q48": Object {
    "a": Array [
      254,
      253,
      253,
      255,
      253,
      253,
      250,
      255,
      252,
      252,
      252,
      255,
    ],
    "b": Array [
      130,
      114,
      235,
      255,
      0,
      0,
      115,
      255,
      35,
      21,
      176,
      255,
    ],
    "c": Array [
      254,
      254,
      254,
      254,
      254,
      254,
      254,
      254,
      254,
      253,
      253,
      254,
    ],
    "d": Array [
      254,
      252,
      253,
      253,
      253,
      252,
      252,
      255,
      253,
      250,
      252,
      255,
    ],
  },
  "q49": Object {
    "a": Array [
      20,
      113,
      255,
      254,
      0,
      19,
      234,
      255,
      57,
      154,
      255,
      253,
    ],
    "b": Array [
      252,
      253,
      254,
      254,
      253,
      252,
      252,
      254,
      254,
      253,
      253,
      254,
    ],
    "c": Array [
      253,
      253,
      254,
      254,
      253,
      254,
      254,
      254,
      253,
      253,
      254,
      254,
    ],
    "d": Array [
      253,
      253,
      254,
      253,
      253,
      254,
      254,
      254,
      254,
      254,
      254,
      254,
    ],
  },
  "q5": Object {
    "a": Array [
      252,
      253,
      254,
      254,
      254,
      254,
      254,
      254,
      254,
      254,
      254,
      254,
    ],
    "b": Array [
      253,
      251,
      255,
      232,
      254,
      253,
      252,
      255,
      254,
      254,
      254,
      254,
    ],
    "c": Array [
      0,
      33,
      246,
      255,
      113,
      205,
      255,
      252,
      255,
      255,
      254,
      254,
    ],
    "d": Array [
      254,
      252,
      252,
      255,
      253,
      254,
      253,
      254,
      254,
      254,
      254,
      253,
    ],
  },
  "q50": Object {
    "a": Array [
      253,
      254,
      254,
      254,
      253,
      254,
      254,
      254,
      253,
      253,
      254,
      254,
    ],
    "b": Array [
      254,
      254,
      254,
      254,
      253,
      253,
      254,
      254,
      253,
      253,
      254,
      254,
    ],
    "c": Array [
      253,
      254,
      252,
      255,
      254,
      254,
      251,
      255,
      253,
      253,
      252,
      255,
    ],
    "d": Array [
      49,
      92,
      241,
      255,
      0,
      0,
      182,
      255,
      50,
      92,
      240,
      255,
    ],
  },
  "q51": Object {
    "a": Array [
      0,
      37,
      242,
      255,
      0,
      44,
      245,
      255,
      175,
      231,
      255,
      253,
    ],
    "b": Array [
      252,
      251,
      254,
      254,
      252,
      250,
      253,
      254,
      253,
      253,
      254,
      254,
    ],
    "c": Array [
      254,
      253,
      254,
      254,
      254,
      253,
      254,
      254,
      253,
      254,
      254,
      254,
    ],
    "d": Array [
      254,
      252,
      254,
      253,
      254,
      253,
      253,
      254,
      254,
      254,
      254,
      252,
    ],
  },
  "q52": Object {
    "a": Array [
      248,
      252,
      252,
      255,
      246,
      248,
      250,
      255,
      253,
      251,
      252,
      255,
    ],
    "b": Array [
      35,
      69,
      229,
      255,
      0,
      0,
      170,
      255,
      74,
      109,
      243,
      255,
    ],
    "c": Array [
      249,
      252,
      254,
      254,
      250,
      253,
      254,
      254,
      254,
      253,
      254,
      254,
    ],
    "d": Array [
      254,
      253,
      254,
      253,
      251,
      250,
      253,
      254,
      253,
      253,
      253,
      253,
    ],
  },
  "q53": Object {
    "a": Array [
      250,
      253,
      250,
      255,
      249,
      250,
      252,
      255,
      253,
      253,
      254,
      254,
    ],
    "b": Array [
      0,
      0,
      118,
      255,
      46,
      32,
      190,
      255,
      247,
      245,
      255,
      254,
    ],
    "c": Array [
      252,
      253,
      254,
      254,
      249,
      251,
      254,
      254,
      253,
      253,
      254,
      254,
    ],
    "d": Array [
      253,
      252,
      253,
      253,
      252,
      253,
      254,
      254,
      254,
      254,
      254,
      253,
    ],
  },
  "q54": Object {
    "a": Array [
      252,
      252,
      254,
      254,
      252,
      253,
      253,
      254,
      252,
      253,
      254,
      254,
    ],
    "b": Array [
      253,
      253,
      254,
      254,
      253,
      253,
      253,
      254,
      254,
      254,
      253,
      254,
    ],
    "c": Array [
      253,
      253,
      251,
      255,
      253,
      254,
      251,
      255,
      253,
      254,
      252,
      255,
    ],
    "d": Array [
      16,
      56,
      228,
      255,
      0,
      0,
      184,
      255,
      93,
      136,
      252,
      255,
    ],
  },
  "q55": Object {
    "a": Array [
      251,
      252,
      250,
      255,
      253,
      252,
      253,
      255,
      254,
      254,
      254,
      254,
    ],
    "b": Array [
      0,
      0,
      120,
      255,
      145,
      132,
      241,
      255,
      255,
      255,
      254,
      254,
    ],
    "c": Array [
      254,
      253,
      254,
      254,
      254,
      254,
      254,
      254,
      254,
      254,
      254,
      254,
    ],
    "d": Array [
      253,
      253,
      254,
      254,
      254,
      254,
      254,
      254,
      254,
      254,
      254,
      253,
    ],
  },
  "q56": Object {
    "a": Array [
      251,
      253,
      250,
      255,
      252,
      250,
      250,
      255,
      251,
      252,
      254,
      253,
    ],
    "b": Array [
      0,
      0,
      141,
      255,
      0,
      0,
      138,
      255,
      190,
      180,
      254,
      254,
    ],
    "c": Array [
      254,
      252,
      253,
      254,
      252,
      252,
      253,
      254,
      252,
      253,
      254,
      254,
    ],
    "d": Array [
      252,
      253,
      253,
      254,
      251,
      252,
      254,
      254,
      252,
      253,
      254,
      253,
    ],
  },
  "q57": Object {
    "a": Array [
      28,
      149,
      255,
      253,
      0,
      31,
      250,
      255,
      47,
      162,
      255,
      252,
    ],
    "b": Array [
      252,
      253,
      254,
      254,
      252,
      252,
      253,
      254,
      254,
      254,
      254,
      254,
    ],
    "c": Array [
      252,
      254,
      254,
      254,
      251,
      254,
      254,
      254,
      252,
      254,
      254,
      254,
    ],
    "d": Array [
      254,
      253,
      254,
      254,
      252,
      253,
      254,
      254,
      253,
      253,
      254,
      254,
    ],
  },
  "q58": Object {
    "a": Array [
      253,
      254,
      254,
      254,
      253,
      254,
      254,
      254,
      254,
      254,
      254,
      254,
    ],
    "b": Array [
      253,
      252,
      254,
      254,
      253,
      253,
      254,
      254,
      254,
      254,
      254,
      254,
    ],
    "c": Array [
      253,
      253,
      250,
      255,
      254,
      254,
      251,
      255,
      254,
      254,
      254,
      254,
    ],
    "d": Array [
      0,
      0,
      168,
      255,
      0,
      5,
      184,
      255,
      195,
      207,
      255,
      253,
    ],
  },
  "q59": Object {
    "a": Array [
      0,
      67,
      255,
      254,
      0,
      56,
      255,
      254,
      156,
      228,
      255,
      253,
    ],
    "b": Array [
      253,
      251,
      254,
      254,
      252,
      252,
      254,
      254,
      253,
      253,
      254,
      254,
    ],
    "c": Array [
      252,
      253,
      254,
      254,
      253,
      253,
      254,
      254,
      254,
      253,
      254,
      254,
    ],
    "d": Array [
      252,
      252,
      254,
      253,
      253,
      253,
      254,
      253,
      253,
      254,
      254,
      253,
    ],
  },
  "q6": Object {
    "a": Array [
      253,
      254,
      254,
      254,
      254,
      253,
      253,
      254,
      254,
      254,
      254,
      254,
    ],
    "b": Array [
      253,
      254,
      254,
      254,
      252,
      253,
      254,
      254,
      254,
      254,
      254,
      254,
    ],
    "c": Array [
      252,
      254,
      251,
      255,
      252,
      254,
      252,
      255,
      254,
      254,
      254,
      254,
    ],
    "d": Array [
      0,
      0,
      140,
      255,
      46,
      57,
      215,
      255,
      249,
      250,
      255,
      251,
    ],
  },
  "q60": Object {
    "a": Array [
      97,
      165,
      255,
      253,
      0,
      10,
      213,
      255,
      8,
      72,
      241,
      255,
    ],
    "b": Array [
      253,
      253,
      254,
      254,
      252,
      252,
      254,
      254,
      253,
      250,
      253,
      254,
    ],
    "c": Array [
      254,
      254,
      254,
      254,
      254,
      253,
      254,
      254,
      253,
      253,
      254,
      254,
    ],
    "d": Array [
      254,
      253,
      254,
      254,
      253,
      254,
      253,
      254,
      254,
      253,
      253,
      254,
    ],
  },
  "q7": Object {
    "a": Array [
      249,
      251,
      254,
      254,
      254,
      253,
      254,
      254,
      250,
      253,
      254,
      254,
    ],
    "b": Array [
      252,
      252,
      255,
      235,
      254,
      254,
      253,
      255,
      254,
      254,
      254,
      254,
    ],
    "c": Array [
      0,
      72,
      255,
      254,
      184,
      241,
      255,
      253,
      255,
      254,
      254,
      254,
    ],
    "d": Array [
      252,
      253,
      254,
      254,
      253,
      252,
      254,
      254,
      254,
      254,
      254,
      253,
    ],
  },
  "q8": Object {
    "a": Array [
      0,
      68,
      255,
      253,
      142,
      230,
      255,
      253,
      255,
      255,
      254,
      254,
    ],
    "b": Array [
      252,
      253,
      254,
      253,
      253,
      253,
      254,
      254,
      254,
      254,
      254,
      254,
    ],
    "c": Array [
      252,
      253,
      254,
      254,
      252,
      254,
      254,
      254,
      254,
      254,
      254,
      254,
    ],
    "d": Array [
      252,
      253,
      253,
      255,
      254,
      253,
      253,
      255,
      254,
      254,
      254,
      254,
    ],
  },
  "q9": Object {
    "a": Array [
      253,
      253,
      254,
      254,
      253,
      253,
      253,
      254,
      254,
      254,
      254,
      254,
    ],
    "b": Array [
      253,
      254,
      254,
      254,
      253,
      254,
      254,
      254,
      253,
      254,
      254,
      254,
    ],
    "c": Array [
      254,
      253,
      251,
      255,
      254,
      252,
      251,
      255,
      254,
      254,
      254,
      254,
    ],
    "d": Array [
      0,
      0,
      186,
      255,
      13,
      59,
      230,
      255,
      241,
      249,
      255,
      252,
    ],
  },
}
`;
