// Jest Snapshot v1, https://goo.gl/fbAQLP

exports[`Result should be able to export to json object 1`] = `
Object {
  "correctCount": 0,
  "filePath": "D:/Current/image-parsing/__tests__/_data/images-barcode//no-roll.jpg",
  "id": "df8c9ffe-db95-4ccd-a43e-0646905e4992",
  "incorrectCount": 0,
  "isCompiled": false,
  "isRollNoExtracted": false,
  "marks": 0,
  "post": 1,
  "q1": "d",
  "q10": "d",
  "q11": "c",
  "q12": "d",
  "q13": "c",
  "q14": "b",
  "q15": "a",
  "q16": "b",
  "q17": "c",
  "q18": "b",
  "q19": "c",
  "q2": "d",
  "q20": "a",
  "q21": "d",
  "q22": "d",
  "q23": "?",
  "q24": "d",
  "q25": "d",
  "q26": "c",
  "q27": "c",
  "q28": "a",
  "q29": "b",
  "q3": "c",
  "q30": "c",
  "q31": "b",
  "q32": "a",
  "q33": "d",
  "q34": "b",
  "q35": "a",
  "q36": "b",
  "q37": "c",
  "q38": "d",
  "q39": "a",
  "q4": "a",
  "q40": "b",
  "q41": "c",
  "q42": "a",
  "q43": "a",
  "q44": "c",
  "q45": "b",
  "q46": "d",
  "q47": "a",
  "q48": "c",
  "q49": "a",
  "q5": "c",
  "q50": "d",
  "q51": "d",
  "q52": "b",
  "q53": "b",
  "q54": "d",
  "q55": "d",
  "q56": "d",
  "q57": "b",
  "q58": "b",
  "q59": "d",
  "q6": "d",
  "q60": "d",
  "q7": "c",
  "q8": "a",
  "q9": "c",
  "questionPaperType": 1,
  "skippedCount": 0,
  "testCenter": 1,
  "testTime": 1,
  "totalMarks": 0,
  "unattemptedCount": 0,
}
`;

exports[`Result should load from json 1`] = `
Result {
  "answers": Object {
    "q1": Object {
      "value": "a",
    },
    "q2": Object {
      "value": "b",
    },
    "q3": Object {
      "value": "c",
    },
    "q4": Object {
      "value": "d",
    },
    "q5": Object {
      "value": "?",
    },
    "q6": Object {
      "value": "*",
    },
  },
  "correctCount": 0,
  "filePath": "D:\\\\Current\\\\image-parsing\\\\__tests__\\\\_data\\\\images-barcode\\\\10023.jpg",
  "id": "183b5aad-7122-4947-99e9-75c2f73cb076",
  "incorrectCount": 0,
  "isCompiled": false,
  "isRollNoExtracted": true,
  "marks": 0,
  "post": "",
  "questionPaperType": "",
  "rollNo": "10023",
  "skippedCount": 0,
  "testCenter": "",
  "testTime": "",
  "totalMarks": 0,
  "unattemptedCount": 0,
}
`;
